# rack0:45 -- Pureskin+Dovzhenko+Tokarev at 14th building hall1

# Sen'kov/Pureskin
sktcankoz	senkov_ebc	0,10,0	r5,w5,w8,r8,w1,r1		-

# Tokarev
sktcankoz	cgvi8		0,61,0	w8,w8,w8,w1,w1,w1,w1,w8,r8,w1,r1 -
sktcankoz	xceac124	0,62,0	w20,w8,r8,w1,r1,r12,r16,w8,r4	-
sktcankoz	vsdc2		0,59,0	w20,w8,r8,w1,r1,r12,w10,r10	-
sktcankoz	vsdc2		0,58,0	w20,w8,r8,w1,r1,r12,w10,r10	-
sktcankoz	xcac208		0,57,0	w20,w8,r8,w1,r1,r12,r24,w16,r8	-

# Belikov (ex-Dovzhenko)
sktcankoz	xcac208		0,63,0	w20,w8,r8,w1,r1,r12,r24,w16,r8	- beg=0 end=11 time=3

# ex-2nd Belikov
noop		noop		1,31,0	w20,w8,r8,w1,r1,r12,r24,w16,r8	- 

# kshd485
#kshd485	kshd485	1,0	r12,w12	- work_current=5 hold_current=1 hold_delay=30 config_byte=61 min_velocity=100 max_velocity=500 acceleration=1000
comnkshd485	comnkshd485	0,1	r20,w80				-

# Panov quasi-CURVV
sktcankoz	curvv		0,1,0	w20,w8,r8,w1,r1,r12,w8,r24,w24,w1,r1,w1,r1	-
sktcankoz	curvv		0,2,0	w20,w8,r8,w1,r1,r12,w8,r24,w24,w1,r1,w1,r1	-

# Vacuum
:vac124:sktcankoz	xceac124	0,56,0	w20,w8,r8,w1,r1,r12,r16,w8,r4	-
doorilks	doorilks	-	w50,r50				-	vac124
