# linac1:32 -- linac magnetic system, incl. magnetic correction
# file 		driver 		bus_id 	main_info

# Magsys
marcankoz	canadc40	3,62	r40,w8,r8,w1,r1 -	time=4 magn=0
marcankoz	candac16	3,63	w16,w8,r8,w1,r1 -
marcankoz	canadc40	3,60	r40,w8,r8,w1,r1 -	time=4 magn=0
marcankoz	candac16	3,61	w16,w8,r8,w1,r1 -
marcankoz	canadc40	3,58	r40,w8,r8,w1,r1 -	time=4 magn=0
marcankoz	candac16	3,59	w16,w8,r8,w1,r1 -
marcankoz	canadc40	3,56	r40,w8,r8,w1,r1 -	time=4 magn=0
marcankoz	candac16	3,57	w16,w8,r8,w1,r1 -
marcankoz	canadc40	3,54	r40,w8,r8,w1,r1 -	time=4 magn=0
marcankoz	candac16	3,55	w16,w8,r8,w1,r1 -

# Magcor
marcankoz	canadc40	3,31	r40,w8,r8,w1,r1 -	time=2 magn=0 end=31
marcankoz	candac16	3,30	w16,w8,r8,w1,r1 -
marcankoz	canadc40	3,29	r40,w8,r8,w1,r1 -	time=2 magn=0 end=31
marcankoz	candac16	3,28	w16,w8,r8,w1,r1 -
marcankoz	canadc40	3,27	r40,w8,r8,w1,r1 -	time=2 magn=0 end=31
marcankoz	candac16	3,26	w16,w8,r8,w1,r1 -

# pks8
cm5307	cm5307	5	w8	-	ppc/ppc-v1000:cm5307_g0603
cm5307	cm5307	8	w8	-	ppc/ppc-v1000:cm5307_g0603
cm5307	cm5307	16	r64	-	ppc/ppc-v1000:cm5307_c0612

# Vypusk
marcankoz	canadc40	3,15	r40,w8,r8,w1,r1 -	time=2 magn=0 end=31

# New-magsys
marcankoz	cdac20		3,47	r8,w2,w8,r8,w1,r1	-
marcankoz	cdac20		3,46	r8,w2,w8,r8,w1,r1	-
