# bike:46 -- weld control

remdrv	remdrv	0,10,1	w8,w4,r12,r8,r16,r2		-				cangw/cangw-vch300:senkov_vip
remdrv	remdrv	0,12,1	w8,r10				-				cangw/cangw-vch300:weld02
remdrv	remdrv	0,14,1	w20,w8,r8,w1,r1,r12,r24,w16,r8	8*1+58i/1+58i,1*1+261i/1+261i	cangw/cangw-vch300:xcac208 beg=0 end=1
remdrv	remdrv	0,15,1	w20,w8,r8,w1,r1,r12,r24,w16,r8	8*1+58i/1+58i,1*1+261i/1+261i	cangw/cangw-vch300:xcac208 beg=0 end=13
remdrv	remdrv	2	w6,r4				-				ppc/ppc-weldsyn:cm5307_frolov_bfp
remdrv	remdrv	4	w10				-				ppc/ppc-weldsyn:cm5307_dds300

remdrv	remdrv	0,1,1	r64,w136			-				cangw/cangw-vch300:smc8
remdrv	remdrv	0,2,1	r64,w136			-				cangw/cangw-vch300:smc8

remdrv	remdrv	0,1	r20,w80				-				moxa/192.168.8.123:moxankshd485
remdrv	remdrv	1,2	r20,w80				-				moxa/192.168.8.123:moxankshd485

usbnkshd485 usbnkshd485 0,3 r20,w80			-

############################
Zusbnkshd485	usbnkshd485	9,1	r20,w30		-
Zusbnkshd485	usbnkshd485	9,2	r20,w30		-
Zusbkshd485	usbkshd485	8,1	r12,w12		-				work_current=5 hold_current=1 hold_delay=30 config_byte=61 min_velocity=100 max_velocity=500 acceleration=1000
Zusbkshd485	usbkshd485	8,2	r12,w12		-				work_current=5 hold_current=1 hold_delay=30 config_byte=61 min_velocity=100 max_velocity=500 acceleration=1000
remdrv	remdrv	7	w20,r10				-				ppc/ppc-weldsyn:cm5307_frolov_bfp2
