# linac1:33 -- Vacuum, linvac+ringvac (2nd generation -- CM5307/PPC+CANIVA)
# file driver bus_id main_info

# Linac
remdrv		remdrv	0,5,0	r16,r16,w16,w16,r16,r16,r16	-	cangw/cangw-linvac:caniva
remdrv		remdrv	0,6,0	r16,r16,w16,w16,r16,r16,r16	-	cangw/cangw-linvac:caniva
remdrv		remdrv	0,7,0	r16,r16,w16,w16,r16,r16,r16	-	cangw/cangw-linvac:caniva
remdrv		remdrv	0,8,0	r16,r16,w16,w16,r16,r16,r16	-	cangw/cangw-linvac:caniva
remdrv		remdrv	0,9,0	r16,r16,w16,w16,r16,r16,r16	-	cangw/cangw-linvac:caniva
remdrv		remdrv	0,10,0	r16,r16,w16,w16,r16,r16,r16	-	cangw/cangw-linvac:caniva
##marcankoz	caniva	0,5	r16,r16,w16,w16,r16,r16,r16	-
##marcankoz	caniva	0,6	r16,r16,w16,w16,r16,r16,r16	-
##marcankoz	caniva	0,7	r16,r16,w16,w16,r16,r16,r16	-
##marcankoz	caniva	0,8	r16,r16,w16,w16,r16,r16,r16	-

# Ring
##marcankoz	caniva	0,9	r16,r16,w16,w16,r16,r16,r16	-
##marcankoz	caniva	0,10	r16,r16,w16,w16,r16,r16,r16	-

# Reserve
noop		noop	0	r16,r16,w16,w16,r16,r16,r16	-
noop		noop	0	r16,r16,w16,w16,r16,r16,r16	-

# Channel

remdrv		remdrv	0,31,0	w20,w8,r8,w1,r1,r12,r16,w8,r4	-	cangw/cangw-chanvac:xceac124
remdrv		remdrv	0,30,0	w20,w8,r8,w1,r1,r12,r16,w8,r4	-	cangw/cangw-chanvac:xceac124
remdrv		remdrv	0,29,0	w20,w8,r8,w1,r1,r12,r16,w8,r4	-	cangw/cangw-chanvac:xceac124
remdrv		remdrv	0,28,0	w20,w8,r8,w1,r1,r12,r16,w8,r4	-	cangw/cangw-chanvac:xceac124
remdrv		remdrv	0,27,0	w20,w8,r8,w1,r1,r12,r16,w8,r4	-	cangw/cangw-chanvac:xceac124
remdrv		remdrv	0,26,0	w20,w8,r8,w1,r1,r12,r16,w8,r4	-	cangw/cangw-chanvac:xceac124
remdrv		remdrv	0,25,0	w20,w8,r8,w1,r1,r12,r16,w8,r4	-	cangw/cangw-chanvac:xceac124
remdrv		remdrv	0,24,0	w20,w8,r8,w1,r1,r12,r16,w8,r4	-	cangw/cangw-chanvac:xceac124
remdrv		remdrv	0,23,0	w20,w8,r8,w1,r1,r12,r16,w8,r4	-	cangw/cangw-chanvac:xceac124
remdrv		remdrv	0,22,0	w20,w8,r8,w1,r1,r12,r16,w8,r4	-	cangw/cangw-chanvac:xceac124
remdrv		remdrv	0,21,0	w20,w8,r8,w1,r1,r12,r16,w8,r4	-	cangw/cangw-chanvac:xceac124
remdrv		remdrv	0,20,0	w20,w8,r8,w1,r1,r12,r16,w8,r4	-	cangw/cangw-chanvac:xceac124
